******************************************************************************
              TMS320C55x Linker PC v4.3.6                      
******************************************************************************
>> Linked Wed Nov 01 14:10:28 2017

OUTPUT FILE NAME:   <LED_Control.out>
ENTRY POINT SYMBOL: "_c_int00"  address: 0002072a


MEMORY CONFIGURATION

         name            origin    length      used     unused   attr    fill
                        (bytes)   (bytes)    (bytes)   (bytes)
----------------------  --------  ---------  --------  --------  ----  --------
PAGE 0:
  MMR                   00000000   000000c0  00000000  000000c0  RWIX
  DARAM0                000000c0   0000ff40  000030d6  0000ce6a  RWIX
  SARAM0                00010000   00010000  00000000  00010000  RWIX
  SARAM1                00020000   00020000  0000077a  0001f886  RWIX
  SARAM2                00040000   0000fe00  00000102  0000fcfe  RWIX
  VECS                  0004fe00   00000200  00000100  00000100  RWIX
  PDROM                 00ff8000   00008000  00000000  00008000  R IX

PAGE 2:
  IOPORT                00000000   00020000  00000000  00020000  RWI 


SECTION ALLOCATION MAP
(Addresses surrounded by []'s are displayed for convenience only!)

output                                                          attributes/
section   page  orgn(bytes) orgn(words) len(bytes) len(words)   input sections
--------  ----  ----------- ----------- ---------- ----------   --------------
.pinit       0   [ 00040000 ]  00020000          *   00000000   UNINITIALIZED

.stack       0   [ 000000c0 ]  00000060          *   00001000   UNINITIALIZED
                 [ 000000c0 ]  00000060          *   00001000   --HOLE--

.data        0   [ 000000c0 ]  00000060          *   00000000   UNINITIALIZED

.sysstack 
*            0   [ 000020c0 ]  00001060          *   00000800   UNINITIALIZED
                 [ 000020c0 ]  00001060          *   00000800   --HOLE--

.bss         0   [ 000030c0 ]  00001860          *   0000006b   UNINITIALIZED
                 [ 000030c0 ]  00001860          *   00000031   firc.obj (.bss)
                 [ 00003122 ]  00001891          *   00000031   main.obj (.bss)
                 [ 00003184 ]  000018c2          *   00000004   rts55x.lib : _lock.obj (.bss)
                 [ 0000318c ]  000018c6          *   00000004              : exit.obj (.bss)
                 [ 00003194 ]  000018ca          *   00000001   usbstk5515bsl.lib : usbstk5515_i2c.obj (.bss)

.text        0     00020000  [ 00010000 ] 0000077a          *   
                   00020000  [ 00010000 ] 00000223          *   452_Labs_Essentials.lib : AIC_func.obj (.text)
                   00020223  [ 00010111+] 00000156          *   usbstk5515bsl.lib : usbstk5515_gpio.obj (.text)
                   00020379  [ 000101bc+] 0000013e          *                     : usbstk5515_i2c.obj (.text)
                   000204b7  [ 0001025b+] 0000008d          *   firc.obj (.text)
                   00020544  [ 000102a2 ] 0000006b          *   55xdspx_LARGE.lib : fir.obj (.text)
                   000205af  [ 000102d7+] 00000054          *   usbstk5515bsl.lib : usbstk5515.obj (.text)
                   00020603  [ 00010301+] 00000051          *   main.obj (.text)
                   00020654  [ 0001032a ] 0000004d          *   rts55x.lib : autoinit.obj (.text)
                   000206a1  [ 00010350+] 0000004b          *              : args_main.obj (.text)
                   000206ec  [ 00010376 ] 0000003e          *              : exit.obj (.text)
                   0002072a  [ 00010395 ] 00000034          *              : boot.obj (.text)
                   0002075e  [ 000103af ] 00000012          *              : _lock.obj (.text)
                   00020770  [ 000103b8 ] 00000007          *              : exit.obj (.text:CIO_breakpoint)
                   00020777  [ 000103bb+] 00000002          *              : vectors.obj (.text)
                   00020779  [ 000103bc ] 00000001          *   --HOLE-- [fill = 20]

.cinit       0   [ 00040000 ]  00020000          *   00000081   
                 [ 00040000 ]  00020000          *   00000034   firc.obj (.cinit)
                 [ 00040068 ]  00020034          *   00000034   main.obj (.cinit)
                 [ 000400d0 ]  00020068          *   0000000a   rts55x.lib : _lock.obj (.cinit)
                 [ 000400e4 ]  00020072          *   0000000a              : exit.obj (.cinit)
                 [ 000400f8 ]  0002007c          *   00000004   usbstk5515bsl.lib : usbstk5515_i2c.obj (.cinit)
                 [ 00040100 ]  00020080          *   00000001   --HOLE-- [fill = 0]

vectors      0     0004fe00  [ 00027f00 ] 00000100          *   
                   0004fe00  [ 00027f00 ] 00000100          *   rts55x.lib : vectors.obj (vectors)


GLOBAL SYMBOLS: SORTED ALPHABETICALLY BY Name 

abs. value/
byte addr   word addr   name
---------   ---------   ----
00000002                $TI_capability$C5500$CallingConvention
00000002                $TI_capability$C5500$MemoryModel
00000001                $TI_capability_requires_rev3
ffffffff                .bss
ffffffff                .data
ffffffff                .text
00020771                C$$EXIT
00020000                _AIC3204_rset
00020022                _AIC_init
0002021c                _AIC_off
000201c4                _AIC_read2
000201f7                _AIC_write2
            00001891    _LP
0004fe00                _Reset
00020321                _USBSTK5515_GPIO_getInput
00020223                _USBSTK5515_GPIO_init
00020227                _USBSTK5515_GPIO_setDirection
000202a4                _USBSTK5515_GPIO_setOutput
00020398                _USBSTK5515_I2C_close
00020379                _USBSTK5515_I2C_init
0002043e                _USBSTK5515_I2C_read
000203a1                _USBSTK5515_I2C_reset
000203af                _USBSTK5515_I2C_write
000205f5                _USBSTK5515_init
000205af                _USBSTK5515_wait
000205e3                _USBSTK5515_waitusec
            00001060    __STACK_END
00002000                __STACK_SIZE
00001000                __SYSSTACK_SIZE
ffffffff                ___binit__
ffffffff                ___bss__
ffffffff                ___c_args__
            00020000    ___cinit__
ffffffff                ___data__
ffffffff                ___edata__
ffffffff                ___end__
ffffffff                ___etext__
ffffffff                ___pinit__
ffffffff                ___text__
000206a1                __args_main
            000018c6    __cleanup_ptr
            000018c8    __dtors_ptr
            000018c2    __lock
0002076e                __nop
00020766                __register_lock
0002075e                __register_unlock
            00000060    __stack
            00001060    __sysstack
            000018c4    __unlock
00020770                _abort
00020654                _auto_init
0002072a                _c_int00
            00001860    _coef
000206ec                _exit
00020544                _fir
000204b7                _firc
            000018ca    _i2c_timeout
00020603                _main
ffffffff                binit
            00020000    cinit
ffffffff                edata
ffffffff                end
ffffffff                etext
ffffffff                pinit


GLOBAL SYMBOLS: SORTED BY Symbol Address 

abs. value/
byte addr   word addr   name
---------   ---------   ----
00000001                $TI_capability_requires_rev3
00000002                $TI_capability$C5500$CallingConvention
00000002                $TI_capability$C5500$MemoryModel
            00000060    __stack
00001000                __SYSSTACK_SIZE
00002000                __STACK_SIZE
            00001060    __STACK_END
            00001060    __sysstack
            00001860    _coef
            00001891    _LP
            000018c2    __lock
            000018c4    __unlock
            000018c6    __cleanup_ptr
            000018c8    __dtors_ptr
            000018ca    _i2c_timeout
00020000                _AIC3204_rset
00020022                _AIC_init
000201c4                _AIC_read2
000201f7                _AIC_write2
0002021c                _AIC_off
00020223                _USBSTK5515_GPIO_init
00020227                _USBSTK5515_GPIO_setDirection
000202a4                _USBSTK5515_GPIO_setOutput
00020321                _USBSTK5515_GPIO_getInput
00020379                _USBSTK5515_I2C_init
00020398                _USBSTK5515_I2C_close
000203a1                _USBSTK5515_I2C_reset
000203af                _USBSTK5515_I2C_write
0002043e                _USBSTK5515_I2C_read
000204b7                _firc
00020544                _fir
000205af                _USBSTK5515_wait
000205e3                _USBSTK5515_waitusec
000205f5                _USBSTK5515_init
00020603                _main
00020654                _auto_init
000206a1                __args_main
000206ec                _exit
0002072a                _c_int00
0002075e                __register_unlock
00020766                __register_lock
0002076e                __nop
00020770                _abort
00020771                C$$EXIT
            00020000    ___cinit__
            00020000    cinit
0004fe00                _Reset
ffffffff                .bss
ffffffff                .data
ffffffff                .text
ffffffff                ___binit__
ffffffff                ___bss__
ffffffff                ___c_args__
ffffffff                ___data__
ffffffff                ___edata__
ffffffff                ___end__
ffffffff                ___etext__
ffffffff                ___pinit__
ffffffff                ___text__
ffffffff                binit
ffffffff                edata
ffffffff                end
ffffffff                etext
ffffffff                pinit

[64 symbols]
