******************************************************************************
              TMS320C55x Linker PC v4.3.6                      
******************************************************************************
>> Linked Wed Oct 11 16:41:18 2017

OUTPUT FILE NAME:   <LED_Control.out>
ENTRY POINT SYMBOL: "_c_int00"  address: 000260de


MEMORY CONFIGURATION

         name            origin    length      used     unused   attr    fill
                        (bytes)   (bytes)    (bytes)   (bytes)
----------------------  --------  ---------  --------  --------  ----  --------
PAGE 0:
  MMR                   00000000   000000c0  00000000  000000c0  RWIX
  DARAM0                000000c0   0000ff40  0000586a  0000a6d6  RWIX
  SARAM0                00010000   00010000  00000000  00010000  RWIX
  SARAM1                00020000   00020000  00006202  00019dfe  RWIX
  SARAM2                00040000   0000fe00  00000330  0000fad0  RWIX
  VECS                  0004fe00   00000200  00000100  00000100  RWIX
  PDROM                 00ff8000   00008000  00000000  00008000  R IX

PAGE 2:
  IOPORT                00000000   00020000  00000000  00020000  RWI 


SECTION ALLOCATION MAP
(Addresses surrounded by []'s are displayed for convenience only!)

output                                                          attributes/
section   page  orgn(bytes) orgn(words) len(bytes) len(words)   input sections
--------  ----  ----------- ----------- ---------- ----------   --------------
.pinit       0   [ 00040000 ]  00020000          *   00000000   UNINITIALIZED

.stack       0   [ 000000c0 ]  00000060          *   00001000   UNINITIALIZED
                 [ 000000c0 ]  00000060          *   00001000   --HOLE--

.data        0   [ 000000c0 ]  00000060          *   00000000   UNINITIALIZED

.sysstack 
*            0   [ 000020c0 ]  00001060          *   00000800   UNINITIALIZED
                 [ 000020c0 ]  00001060          *   00000800   --HOLE--

.sysmem      0   [ 000030c0 ]  00001860          *   00001000   UNINITIALIZED
                 [ 000030c0 ]  00001860          *   00001000   --HOLE--

.bss         0   [ 000050c0 ]  00002860          *   0000026a   UNINITIALIZED
                 [ 000050c0 ]  00002860          *   00000119   rts55x.lib : defs.obj (.bss)
                 [ 000052f2 ]  00002979          *   000000d0              : trgdrv.obj (.bss)
                 [ 00005492 ]  00002a49          *   00000001              : errno.obj (.bss)
                 [ 00005494 ]  00002a4a          *   00000071              : lowlev.obj (.bss)
                 [ 00005576 ]  00002abb          *   00000001              : fopen.obj (.bss)
                 [ 00005578 ]  00002abc          *   00000006              : memory.obj (.bss)
                 [ 00005584 ]  00002ac2          *   00000004              : _lock.obj (.bss)
                 [ 0000558c ]  00002ac6          *   00000004              : exit.obj (.bss)

.const.1     0   [ 00005594 ]  00002aca          *   00000101   
                 [ 00005594 ]  00002aca          *   00000101   rts55x.lib : ctype.obj (.const:__ctypes_)

.const.2     0   [ 00005798 ]  00002bcc          *   0000002f   
                 [ 00005798 ]  00002bcc          *   0000002f   main.obj (.const:.string)

.const.3     0   [ 000057f8 ]  00002bfc          *   00000095   
                 [ 000057f8 ]  00002bfc          *   00000024   rts55x.lib : _printfi.obj (.const:.string)
                 [ 00005840 ]  00002c20          *   00000014              : strtod.obj (.const:_digits)
                 [ 00005868 ]  00002c34          *   00000014              : strtold.obj (.const:_digits)
                 [ 00005890 ]  00002c48          *   0000000c              : strtod.obj (.const:_powerof10)
                 [ 000058a8 ]  00002c54          *   0000000c              : strtold.obj (.const:_powerof10)
                 [ 000058c0 ]  00002c60          *   0000000c              : _printfi.obj (.const)
                 [ 000058d8 ]  00002c6c          *   00000008              : divd.obj (.const:_initial_approx$1)
                 [ 000058e8 ]  00002c74          *   00000008              : strtod.obj (.const)
                 [ 000058f8 ]  00002c7c          *   00000008              : strtold.obj (.const)
                 [ 00005908 ]  00002c84          *   00000007              : _scanfi.obj (.const:_flit$1)
                 [ 00005916 ]  00002c8b          *   00000006              : _scanfi.obj (.const:_barr$2)

.const.4     0   [ 00005924 ]  00002c92          *   00000006   
                 [ 00005924 ]  00002c92          *   00000002   rts55x.lib : fputs.obj (.const:.string)
                 [ 00005928 ]  00002c94          *   00000002              : divd.obj (.const)
                 [ 0000592c ]  00002c96          *   00000002              : fltlid.obj (.const)

.text        0     00020000  [ 00010000 ] 00006202          *   
                   00020000  [ 00010000 ] 00001598          *   rts55x.lib : _printfi.obj (.text)
                   00021598  [ 00010acc ] 00000eb6          *              : _scanfi.obj (.text)
                   0002244e  [ 00011227 ] 00000543          *              : lowlev.obj (.text)
                   00022991  [ 000114c8+] 00000528          *              : trgdrv.obj (.text)
                   00022eb9  [ 0001175c+] 000004b5          *              : memory.obj (.text)
                   0002336e  [ 000119b7 ] 0000036c          *              : divd.obj (.text)
                   000236da  [ 00011b6d ] 00000301          *              : strtoll.obj (.text)
                   000239db  [ 00011ced+] 000002bd          *              : strtod.obj (.text)
                   00023c98  [ 00011e4c ] 0000029f          *              : strtold.obj (.text)
                   00023f37  [ 00011f9b+] 0000027f          *              : fopen.obj (.text)
                   000241b6  [ 000120db ] 0000025e          *              : llmpy.obj (.text)
                   00024414  [ 0001220a ] 00000259          *              : addd.obj (.text)
                   0002466d  [ 00012336+] 0000024b          *              : strtoull.obj (.text)
                   000248b8  [ 0001245c ] 00000208          *              : strtol.obj (.text)
                   00024ac0  [ 00012560 ] 000001ea          *              : cmpd.obj (.text)
                   00024caa  [ 00012655 ] 000001d1          *              : strtoul.obj (.text)
                   00024e7b  [ 0001273d+] 00000163          *              : fputs.obj (.text)
                   00024fde  [ 000127ef ] 00000161          *              : fscanf.obj (.text)
                   0002513f  [ 0001289f+] 0000014c          *              : mpyd.obj (.text)
                   0002528b  [ 00012945+] 000000e6          *              : setvbuf.obj (.text)
                   00025371  [ 000129b8+] 000000dd          *              : _io_perm.obj (.text)
                   0002544e  [ 00012a27 ] 000000c8          *              : frcmpyd_div.obj (.text)
                   00025516  [ 00012a8b ] 000000c2          *              : fflush.obj (.text)
                   000255d8  [ 00012aec ] 000000ba          *              : trgmsg.obj (.text:CIO_breakpoint)
                   00025692  [ 00012b49 ] 000000b0          *   main.obj (.text)
                   00025742  [ 00012ba1 ] 000000ae          *   rts55x.lib : _bufread.obj (.text)
                   000257f0  [ 00012bf8 ] 000000a6          *              : fputc.obj (.text)
                   00025896  [ 00012c4b ] 000000a1          *              : divul.obj (.text)
                   00025937  [ 00012c9b+] 0000009b          *              : fgetc.obj (.text)
                   000259d2  [ 00012ce9 ] 0000009a          *              : ungetc.obj (.text)
                   00025a6c  [ 00012d36 ] 0000007d          *              : ltoa.obj (.text)
                   00025ae9  [ 00012d74+] 0000007b          *              : fclose.obj (.text)
                   00025b64  [ 00012db2 ] 00000076          *              : frcmpyd.obj (.text)
                   00025bda  [ 00012ded ] 00000072          *              : remul.obj (.text)
                   00025c4c  [ 00012e26 ] 0000006f          *              : fixdli.obj (.text)
                   00025cbb  [ 00012e5d+] 0000006d          *              : trgmsg.obj (.text)
                   00025d28  [ 00012e94 ] 0000006b          *              : fseek.obj (.text)
                   00025d93  [ 00012ec9+] 00000067          *              : fltlid.obj (.text)
                   00025dfa  [ 00012efd ] 0000005c          *              : atoi.obj (.text)
                   00025e56  [ 00012f2b ] 00000054          *   usbstk5515bsl.lib : usbstk5515.obj (.text)
                   00025eaa  [ 00012f55 ] 00000050          *   rts55x.lib : printf.obj (.text)
                   00025efa  [ 00012f7d ] 0000004d          *              : autoinit.obj (.text)
                   00025f47  [ 00012fa3+] 0000004b          *              : args_main.obj (.text)
                   00025f92  [ 00012fc9 ] 0000004b          *              : remli.obj (.text)
                   00025fdd  [ 00012fee+] 00000048          *              : divli.obj (.text)
                   00026025  [ 00013012+] 0000003f          *              : memcpy.obj (.text)
                   00026064  [ 00013032 ] 0000003e          *              : exit.obj (.text)
                   000260a2  [ 00013051 ] 0000003c          *              : idiv.obj (.text)
                   000260de  [ 0001306f ] 00000034          *              : boot.obj (.text)
                   00026112  [ 00013089 ] 0000002a          *              : fixdi.obj (.text)
                   0002613c  [ 0001309e ] 0000002a          *              : udiv.obj (.text)
                   00026166  [ 000130b3 ] 00000023          *              : memccpy.obj (.text)
                   00026189  [ 000130c4+] 0000001c          *              : isinf.obj (.text)
                   000261a5  [ 000130d2+] 00000014          *              : subd.obj (.text)
                   000261b9  [ 000130dc+] 00000013          *              : lmpy.obj (.text)
                   000261cc  [ 000130e6 ] 00000012          *              : _lock.obj (.text)
                   000261de  [ 000130ef ] 00000010          *              : negd.obj (.text)
                   000261ee  [ 000130f7 ] 0000000a          *              : remove.obj (.text)
                   000261f8  [ 000130fc ] 00000007          *              : exit.obj (.text:CIO_breakpoint)
                   000261ff  [ 000130ff+] 00000002          *              : vectors.obj (.text)
                   00026201  [ 00013100 ] 00000001          *   --HOLE-- [fill = 20]

.cio         0   [ 00040000 ]  00020000          *   00000120   UNINITIALIZED
                 [ 00040000 ]  00020000          *   00000120   rts55x.lib : trgmsg.obj (.cio)

.cinit       0   [ 00040240 ]  00020120          *   00000078   
                 [ 00040240 ]  00020120          *   0000002d   rts55x.lib : lowlev.obj (.cinit)
                 [ 0004029a ]  0002014d          *   0000002a              : defs.obj (.cinit)
                 [ 000402ee ]  00020177          *   0000000a              : _lock.obj (.cinit)
                 [ 00040302 ]  00020181          *   0000000a              : exit.obj (.cinit)
                 [ 00040316 ]  0002018b          *   00000004              : errno.obj (.cinit)
                 [ 0004031e ]  0002018f          *   00000004              : fopen.obj (.cinit)
                 [ 00040326 ]  00020193          *   00000004              : memory.obj (.cinit)
                 [ 0004032e ]  00020197          *   00000001   --HOLE-- [fill = 0]

vectors      0     0004fe00  [ 00027f00 ] 00000100          *   
                   0004fe00  [ 00027f00 ] 00000100          *   rts55x.lib : vectors.obj (vectors)


GLOBAL SYMBOLS: SORTED ALPHABETICALLY BY Name 

abs. value/
byte addr   word addr   name
---------   ---------   ----
00000002                $TI_capability$C5500$CallingConvention
00000002                $TI_capability$C5500$MemoryModel
00000001                $TI_capability_requires_rev3
ffffffff                .bss
ffffffff                .data
ffffffff                .text
000261f9                C$$EXIT
0002568d                C$$IO$$
000260a2                I$$DIV
000261b9                I$$LMPY
000260c1                I$$MOD
0002613c                I$$UDIV
00026151                I$$UMOD
00022e5b                _HOSTclock
00022df0                _HOSTclose
00022d3b                _HOSTlseek
00022c9c                _HOSTopen
00022c0f                _HOSTread
00022b61                _HOSTrename
00022b03                _HOSTtime
00022a99                _HOSTunlink
00022a0c                _HOSTwrite
000256ce                _My_LED_init
0004fe00                _Reset
00025e9c                _USBSTK5515_init
00025e56                _USBSTK5515_wait
00025e8a                _USBSTK5515_waitusec
            00020000    __CIOBUF_
            00001060    __STACK_END
00002000                __STACK_SIZE
00002000                __SYSMEM_SIZE
00001000                __SYSSTACK_SIZE
ffffffff                ___binit__
ffffffff                ___bss__
ffffffff                ___c_args__
            00020120    ___cinit__
ffffffff                ___data__
ffffffff                ___edata__
ffffffff                ___end__
ffffffff                ___etext__
00026189                ___isinf
ffffffff                ___pinit__
ffffffff                ___text__
00024414                __addd
00025f47                __args_main
00025742                __buff_read
00024058                __cleanup
            00002ac6    __cleanup_ptr
00024c52                __cmpd
            00002aca    __ctypes_
00023390                __divd
000260a2                __divi
00025fdd                __divli
000243df                __divlli
0002613c                __divu
00025896                __divul
000242eb                __divull
00025516                __doflush
            00002ac8    __dtors_ptr
00024c1e                __eqld
00026112                __fixdi
00025c4c                __fixdli
00025d93                __fltlid
00025b64                __frcmpyd
0002544e                __frcmpyd_div
            00002978    __ft_end
            00002860    __ftable
00024bd4                __geqd
00024b89                __gtrd
00024b3c                __leqd
            00002ac2    __lock
00024af4                __lssd
0002513f                __mpyd
000261b9                __mpyli
00024233                __mpylli
000261de                __negd
00024ac0                __neqd
000261dc                __nop
00021356                __printfi
000253f1                __rd_ok
000261d4                __register_lock
000261cc                __register_unlock
000260c1                __remi
00025f92                __remli
00024204                __remlli
00026151                __remu
00025bda                __remul
000241b6                __remull
00021f46                __scanfi
            00000060    __stack
000261a5                __subd
            00001860    __sys_memory
            00001060    __sysstack
            000028d8    __tmpnams
            00002ac4    __unlock
00025371                __wrt_ok
000261f8                _abort
000228a1                _add_device
00025dfa                _atoi
00025efa                _auto_init
000260de                _c_int00
00023348                _calloc
00023340                _chkheap
0002282e                _close
            00002a49    _errno
00026064                _exit
00025ae9                _fclose
0002557f                _fflush
00025937                _fgetc
00022825                _find_registered_device
0002417b                _fopen
000257f0                _fputc
00024e7b                _fputs
00022eb9                _free
000232ea                _free_memory
000240b2                _freopen
0002501a                _fscanf
00025d28                _fseek
00025937                _getc
000259c3                _getchar
00022991                _getenv
000227bf                _lseek
00025a6c                _ltoa
00025712                _main
00022fea                _malloc
00023290                _max_free
00026166                _memccpy
00026025                _memcpy
00022f85                _minit
00022700                _open
00025eaa                _printf
000257f0                _putc
00025887                _putchar
00024fb0                _puts
00022652                _read
00025cbb                _readmsg
000230df                _realloc
000261ee                _remove
0002261c                _remove_device
000225c3                _rename
00024fde                _scanf
0002528b                _setvbuf
000239db                _strtod
000248b8                _strtol
00023c98                _strtold
000236da                _strtoll
00024caa                _strtoul
0002466d                _strtoull
00025692                _toggle_LED
000259d2                _ungetc
00022590                _unlink
0002244e                _write
000255d8                _writemsg
ffffffff                binit
            00020120    cinit
ffffffff                edata
ffffffff                end
ffffffff                etext
ffffffff                pinit


GLOBAL SYMBOLS: SORTED BY Symbol Address 

abs. value/
byte addr   word addr   name
---------   ---------   ----
00000001                $TI_capability_requires_rev3
00000002                $TI_capability$C5500$CallingConvention
00000002                $TI_capability$C5500$MemoryModel
            00000060    __stack
00001000                __SYSSTACK_SIZE
00002000                __STACK_SIZE
00002000                __SYSMEM_SIZE
            00001060    __STACK_END
            00001060    __sysstack
            00001860    __sys_memory
            00002860    __ftable
            000028d8    __tmpnams
            00002978    __ft_end
            00002a49    _errno
            00002ac2    __lock
            00002ac4    __unlock
            00002ac6    __cleanup_ptr
            00002ac8    __dtors_ptr
            00002aca    __ctypes_
00021356                __printfi
00021f46                __scanfi
0002244e                _write
00022590                _unlink
000225c3                _rename
0002261c                _remove_device
00022652                _read
00022700                _open
000227bf                _lseek
00022825                _find_registered_device
0002282e                _close
000228a1                _add_device
00022991                _getenv
00022a0c                _HOSTwrite
00022a99                _HOSTunlink
00022b03                _HOSTtime
00022b61                _HOSTrename
00022c0f                _HOSTread
00022c9c                _HOSTopen
00022d3b                _HOSTlseek
00022df0                _HOSTclose
00022e5b                _HOSTclock
00022eb9                _free
00022f85                _minit
00022fea                _malloc
000230df                _realloc
00023290                _max_free
000232ea                _free_memory
00023340                _chkheap
00023348                _calloc
00023390                __divd
000236da                _strtoll
000239db                _strtod
00023c98                _strtold
00024058                __cleanup
000240b2                _freopen
0002417b                _fopen
000241b6                __remull
00024204                __remlli
00024233                __mpylli
000242eb                __divull
000243df                __divlli
00024414                __addd
0002466d                _strtoull
000248b8                _strtol
00024ac0                __neqd
00024af4                __lssd
00024b3c                __leqd
00024b89                __gtrd
00024bd4                __geqd
00024c1e                __eqld
00024c52                __cmpd
00024caa                _strtoul
00024e7b                _fputs
00024fb0                _puts
00024fde                _scanf
0002501a                _fscanf
0002513f                __mpyd
0002528b                _setvbuf
00025371                __wrt_ok
000253f1                __rd_ok
0002544e                __frcmpyd_div
00025516                __doflush
0002557f                _fflush
000255d8                _writemsg
0002568d                C$$IO$$
00025692                _toggle_LED
000256ce                _My_LED_init
00025712                _main
00025742                __buff_read
000257f0                _fputc
000257f0                _putc
00025887                _putchar
00025896                __divul
00025937                _fgetc
00025937                _getc
000259c3                _getchar
000259d2                _ungetc
00025a6c                _ltoa
00025ae9                _fclose
00025b64                __frcmpyd
00025bda                __remul
00025c4c                __fixdli
00025cbb                _readmsg
00025d28                _fseek
00025d93                __fltlid
00025dfa                _atoi
00025e56                _USBSTK5515_wait
00025e8a                _USBSTK5515_waitusec
00025e9c                _USBSTK5515_init
00025eaa                _printf
00025efa                _auto_init
00025f47                __args_main
00025f92                __remli
00025fdd                __divli
00026025                _memcpy
00026064                _exit
000260a2                I$$DIV
000260a2                __divi
000260c1                I$$MOD
000260c1                __remi
000260de                _c_int00
00026112                __fixdi
0002613c                I$$UDIV
0002613c                __divu
00026151                I$$UMOD
00026151                __remu
00026166                _memccpy
00026189                ___isinf
000261a5                __subd
000261b9                I$$LMPY
000261b9                __mpyli
000261cc                __register_unlock
000261d4                __register_lock
000261dc                __nop
000261de                __negd
000261ee                _remove
000261f8                _abort
000261f9                C$$EXIT
            00020000    __CIOBUF_
            00020120    ___cinit__
            00020120    cinit
0004fe00                _Reset
ffffffff                .bss
ffffffff                .data
ffffffff                .text
ffffffff                ___binit__
ffffffff                ___bss__
ffffffff                ___c_args__
ffffffff                ___data__
ffffffff                ___edata__
ffffffff                ___end__
ffffffff                ___etext__
ffffffff                ___pinit__
ffffffff                ___text__
ffffffff                binit
ffffffff                edata
ffffffff                end
ffffffff                etext
ffffffff                pinit

[159 symbols]
