******************************************************************************
              TMS320C55x Linker PC v4.3.8                      
******************************************************************************
>> Linked Fri Jul 29 13:18:52 2011

OUTPUT FILE NAME:   <Filter_SPI.out>
ENTRY POINT SYMBOL: "_c_int00"  address: 00024986


MEMORY CONFIGURATION

         name            origin    length      used     unused   attr    fill
                        (bytes)   (bytes)    (bytes)   (bytes)
----------------------  --------  ---------  --------  --------  ----  --------
PAGE 0:
  MMR                   00000000   000000c0  00000000  000000c0  RWIX
  DARAM0                000000c0   0000ff40  000058bc  0000a684  RWIX
  SARAM0                00010000   00010000  00000000  00010000  RWIX
  SARAM1                00020000   00020000  00004aaa  0001b556  RWIX
  SARAM2                00040000   0000fe00  0000036a  0000fa96  RWIX
  VECS                  0004fe00   00000200  00000100  00000100  RWIX
  PDROM                 00ff8000   00008000  00000000  00008000  R IX

PAGE 2:
  IOPORT                00000000   00020000  00000000  00020000  RWI 


SECTION ALLOCATION MAP
(Addresses surrounded by []'s are displayed for convenience only!)

output                                                          attributes/
section   page  orgn(bytes) orgn(words) len(bytes) len(words)   input sections
--------  ----  ----------- ----------- ---------- ----------   --------------
.pinit       0   [ 00040000 ]  00020000          *   00000000   UNINITIALIZED

.stack       0   [ 000000c0 ]  00000060          *   00001000   UNINITIALIZED
                 [ 000000c0 ]  00000060          *   00001000   --HOLE--

.data        0   [ 000000c0 ]  00000060          *   00000000   UNINITIALIZED

.sysstack 
*            0   [ 000020c0 ]  00001060          *   00000800   UNINITIALIZED
                 [ 000020c0 ]  00001060          *   00000800   --HOLE--

.sysmem      0   [ 000030c0 ]  00001860          *   00001000   UNINITIALIZED
                 [ 000030c0 ]  00001860          *   00001000   --HOLE--

.bss         0   [ 000050c0 ]  00002860          *   000002f6   UNINITIALIZED
                 [ 000050c0 ]  00002860          *   00000119   rts55x.lib : defs.obj (.bss)
                 [ 000052f2 ]  00002979          *   000000d0              : trgdrv.obj (.bss)
                 [ 00005492 ]  00002a49          *   00000001              : fopen.obj (.bss)
                 [ 00005494 ]  00002a4a          *   0000008c   main.obj (.bss)
                 [ 000055ac ]  00002ad6          *   00000071   rts55x.lib : lowlev.obj (.bss)
                 [ 0000568e ]  00002b47          *   00000001   usbstk5515bsl.lib : usbstk5515_i2c.obj (.bss)
                 [ 00005690 ]  00002b48          *   00000006   rts55x.lib : memory.obj (.bss)
                 [ 0000569c ]  00002b4e          *   00000004              : _lock.obj (.bss)
                 [ 000056a4 ]  00002b52          *   00000004              : exit.obj (.bss)

.const.1     0   [ 000056ac ]  00002b56          *   00000101   
                 [ 000056ac ]  00002b56          *   00000101   rts55x.lib : ctype.obj (.const:__ctypes_)

.const.2     0   [ 000058b0 ]  00002c58          *   00000029   
                 [ 000058b0 ]  00002c58          *   00000029   main.obj (.const:.string)

.const.3     0   [ 00005904 ]  00002c82          *   0000003e   
                 [ 00005904 ]  00002c82          *   00000024   rts55x.lib : _printfi.obj (.const:.string)
                 [ 0000594c ]  00002ca6          *   0000000c              : _printfi.obj (.const)
                 [ 00005964 ]  00002cb2          *   00000008              : divd.obj (.const:_initial_approx$1)
                 [ 00005974 ]  00002cba          *   00000002              : fputs.obj (.const:.string)
                 [ 00005978 ]  00002cbc          *   00000002              : divd.obj (.const)
                 [ 0000597c ]  00002cbe          *   00000002              : fltlid.obj (.const)

.text        0     00020000  [ 00010000 ] 00004aaa          *   
                   00020000  [ 00010000 ] 00001598          *   rts55x.lib : _printfi.obj (.text)
                   00021598  [ 00010acc ] 00000543          *              : lowlev.obj (.text)
                   00021adb  [ 00010d6d+] 00000528          *              : trgdrv.obj (.text)
                   00022003  [ 00011001+] 000004b5          *              : memory.obj (.text)
                   000224b8  [ 0001125c ] 0000036c          *              : divd.obj (.text)
                   00022824  [ 00011412 ] 0000033d          *   main.obj (.text)
                   00022b61  [ 000115b0+] 0000027f          *   rts55x.lib : fopen.obj (.text)
                   00022de0  [ 000116f0 ] 0000025e          *              : llmpy.obj (.text)
                   0002303e  [ 0001181f ] 00000259          *              : addd.obj (.text)
                   00023297  [ 0001194b+] 00000239          *   452_Labs_Essentials.lib : AIC_func.obj (.text)
                   000234d0  [ 00011a68 ] 000001ea          *   rts55x.lib : cmpd.obj (.text)
                   000236ba  [ 00011b5d ] 000001c9          *   usbstk5515bsl.lib : usbstk5515_led.obj (.text)
                   00023883  [ 00011c41+] 00000163          *   rts55x.lib : fputs.obj (.text)
                   000239e6  [ 00011cf3 ] 00000156          *   usbstk5515bsl.lib : usbstk5515_gpio.obj (.text)
                   00023b3c  [ 00011d9e ] 0000014c          *   rts55x.lib : mpyd.obj (.text)
                   00023c88  [ 00011e44 ] 0000013e          *   usbstk5515bsl.lib : usbstk5515_i2c.obj (.text)
                   00023dc6  [ 00011ee3 ] 000000e6          *   rts55x.lib : setvbuf.obj (.text)
                   00023eac  [ 00011f56 ] 000000dd          *              : _io_perm.obj (.text)
                   00023f89  [ 00011fc4+] 000000c8          *              : frcmpyd_div.obj (.text)
                   00024051  [ 00012028+] 000000c2          *              : fflush.obj (.text)
                   00024113  [ 00012089+] 000000ba          *              : trgmsg.obj (.text:CIO_breakpoint)
                   000241cd  [ 000120e6+] 000000a6          *              : fputc.obj (.text)
                   00024273  [ 00012139+] 000000a1          *              : divul.obj (.text)
                   00024314  [ 0001218a ] 0000007d          *              : ltoa.obj (.text)
                   00024391  [ 000121c8+] 0000007b          *              : fclose.obj (.text)
                   0002440c  [ 00012206 ] 00000076          *              : frcmpyd.obj (.text)
                   00024482  [ 00012241 ] 00000072          *              : remul.obj (.text)
                   000244f4  [ 0001227a ] 0000006f          *              : fixdli.obj (.text)
                   00024563  [ 000122b1+] 0000006d          *              : trgmsg.obj (.text)
                   000245d0  [ 000122e8 ] 0000006b          *              : fseek.obj (.text)
                   0002463b  [ 0001231d+] 00000067          *              : fltlid.obj (.text)
                   000246a2  [ 00012351 ] 0000005c          *              : atoi.obj (.text)
                   000246fe  [ 0001237f ] 00000054          *   usbstk5515bsl.lib : usbstk5515.obj (.text)
                   00024752  [ 000123a9 ] 00000050          *   rts55x.lib : printf.obj (.text)
                   000247a2  [ 000123d1 ] 0000004d          *              : autoinit.obj (.text)
                   000247ef  [ 000123f7+] 0000004b          *              : args_main.obj (.text)
                   0002483a  [ 0001241d ] 0000004b          *              : remli.obj (.text)
                   00024885  [ 00012442+] 00000048          *              : divli.obj (.text)
                   000248cd  [ 00012466+] 0000003f          *              : memcpy.obj (.text)
                   0002490c  [ 00012486 ] 0000003e          *              : exit.obj (.text)
                   0002494a  [ 000124a5 ] 0000003c          *              : idiv.obj (.text)
                   00024986  [ 000124c3 ] 00000034          *              : boot.obj (.text)
                   000249ba  [ 000124dd ] 0000002a          *              : fixdi.obj (.text)
                   000249e4  [ 000124f2 ] 0000002a          *              : udiv.obj (.text)
                   00024a0e  [ 00012507 ] 00000023          *              : memccpy.obj (.text)
                   00024a31  [ 00012518+] 0000001c          *              : isinf.obj (.text)
                   00024a4d  [ 00012526+] 00000014          *              : subd.obj (.text)
                   00024a61  [ 00012530+] 00000013          *              : lmpy.obj (.text)
                   00024a74  [ 0001253a ] 00000012          *              : _lock.obj (.text)
                   00024a86  [ 00012543 ] 00000010          *              : negd.obj (.text)
                   00024a96  [ 0001254b ] 0000000a          *              : remove.obj (.text)
                   00024aa0  [ 00012550 ] 00000007          *              : exit.obj (.text:CIO_breakpoint)
                   00024aa7  [ 00012553+] 00000002          *              : vectors.obj (.text)
                   00024aa9  [ 00012554 ] 00000001          *   --HOLE-- [fill = 20]

.cio         0   [ 00040000 ]  00020000          *   00000120   UNINITIALIZED
                 [ 00040000 ]  00020000          *   00000120   rts55x.lib : trgmsg.obj (.cio)

.cinit       0   [ 00040240 ]  00020120          *   00000095   
                 [ 00040240 ]  00020120          *   0000002d   rts55x.lib : lowlev.obj (.cinit)
                 [ 0004029a ]  0002014d          *   0000002a              : defs.obj (.cinit)
                 [ 000402ee ]  00020177          *   0000001d   main.obj (.cinit)
                 [ 00040328 ]  00020194          *   0000000a   rts55x.lib : _lock.obj (.cinit)
                 [ 0004033c ]  0002019e          *   0000000a              : exit.obj (.cinit)
                 [ 00040350 ]  000201a8          *   00000004              : fopen.obj (.cinit)
                 [ 00040358 ]  000201ac          *   00000004              : memory.obj (.cinit)
                 [ 00040360 ]  000201b0          *   00000004   usbstk5515bsl.lib : usbstk5515_i2c.obj (.cinit)
                 [ 00040368 ]  000201b4          *   00000001   --HOLE-- [fill = 0]

vectors      0     0004fe00  [ 00027f00 ] 00000100          *   
                   0004fe00  [ 00027f00 ] 00000100          *   rts55x.lib : vectors.obj (vectors)


GLOBAL SYMBOLS: SORTED ALPHABETICALLY BY Name 

abs. value/
byte addr   word addr   name
---------   ---------   ----
00000002                $TI_capability$C5500$CallingConvention
00000002                $TI_capability$C5500$MemoryModel
00000001                $TI_capability_requires_rev3
ffffffff                .bss
ffffffff                .data
ffffffff                .text
00024aa1                C$$EXIT
000241c8                C$$IO$$
0002494a                I$$DIV
00024a61                I$$LMPY
00024969                I$$MOD
000249e4                I$$UDIV
000249f9                I$$UMOD
00023297                _AIC3204_rset
000232b9                _AIC_init
000234c9                _AIC_off
00023471                _AIC_read2
000234a4                _AIC_write2
            00002ace    _DBO_index
            00002a4c    _Data_In_Buff
            00002a8c    _Data_Out_Buff
            00002ad0    _Data_Out_ptr
00021fa5                _HOSTclock
00021f3a                _HOSTclose
00021e85                _HOSTlseek
00021de6                _HOSTopen
00021d59                _HOSTread
00021cab                _HOSTrename
00021c4d                _HOSTtime
00021be3                _HOSTunlink
00021b56                _HOSTwrite
00022958                _I2S_ISR
00022a9f                _I2S_Setup
            00002ad2    _Out_going
0004fe00                _Reset
000228c7                _SPI_ISR
00022940                _SPI_Send
00022902                _SPI_Setup
00022824                _Timer_Handler
            00002a4a    _Timer_count
0002285d                _Timer_setup
00023ae4                _USBSTK5515_GPIO_getInput
000239e6                _USBSTK5515_GPIO_init
000239ea                _USBSTK5515_GPIO_setDirection
00023a67                _USBSTK5515_GPIO_setOutput
00023ca7                _USBSTK5515_I2C_close
00023c88                _USBSTK5515_I2C_init
00023d4d                _USBSTK5515_I2C_read
00023cb0                _USBSTK5515_I2C_reset
00023cbe                _USBSTK5515_I2C_write
000236ba                _USBSTK5515_LED_init
000236d6                _USBSTK5515_LED_off
000236c5                _USBSTK5515_LED_on
00023716                _USBSTK5515_ULED_getall
000236e7                _USBSTK5515_ULED_init
0002380b                _USBSTK5515_ULED_off
000237d6                _USBSTK5515_ULED_on
00023768                _USBSTK5515_ULED_setall
0002383e                _USBSTK5515_ULED_toggle
00024744                _USBSTK5515_init
000246fe                _USBSTK5515_wait
00024732                _USBSTK5515_waitusec
            00020000    __CIOBUF_
            00001060    __STACK_END
00002000                __STACK_SIZE
00002000                __SYSMEM_SIZE
00001000                __SYSSTACK_SIZE
ffffffff                ___binit__
ffffffff                ___bss__
ffffffff                ___c_args__
            00020120    ___cinit__
ffffffff                ___data__
ffffffff                ___edata__
ffffffff                ___end__
ffffffff                ___etext__
00024a31                ___isinf
ffffffff                ___pinit__
ffffffff                ___text__
0002303e                __addd
000247ef                __args_main
00022c82                __cleanup
            00002b52    __cleanup_ptr
00023662                __cmpd
            00002b56    __ctypes_
000224da                __divd
0002494a                __divi
00024885                __divli
00023009                __divlli
000249e4                __divu
00024273                __divul
00022f15                __divull
00024051                __doflush
            00002b54    __dtors_ptr
0002362e                __eqld
000249ba                __fixdi
000244f4                __fixdli
0002463b                __fltlid
0002440c                __frcmpyd
00023f89                __frcmpyd_div
            00002978    __ft_end
            00002860    __ftable
000235e4                __geqd
00023599                __gtrd
0002354c                __leqd
            00002b4e    __lock
00023504                __lssd
00023b3c                __mpyd
00024a61                __mpyli
00022e5d                __mpylli
00024a86                __negd
000234d0                __neqd
00024a84                __nop
00021356                __printfi
00023f2c                __rd_ok
00024a7c                __register_lock
00024a74                __register_unlock
00024969                __remi
0002483a                __remli
00022e2e                __remlli
000249f9                __remu
00024482                __remul
00022de0                __remull
            00000060    __stack
00024a4d                __subd
            00001860    __sys_memory
            00001060    __sysstack
            000028d8    __tmpnams
            00002b50    __unlock
00023eac                __wrt_ok
00024aa0                _abort
000219eb                _add_device
000246a2                _atoi
000247a2                _auto_init
00024986                _c_int00
00022492                _calloc
0002248a                _chkheap
00021978                _close
0002490c                _exit
00024391                _fclose
000240ba                _fflush
0002196f                _find_registered_device
00022da5                _fopen
000241cd                _fputc
00023883                _fputs
00022003                _free
00022434                _free_memory
00022cdc                _freopen
000245d0                _fseek
00021adb                _getenv
            00002b47    _i2c_timeout
00021909                _lseek
00024314                _ltoa
00022ac8                _main
00022134                _malloc
            00002acc    _mask
000223da                _max_free
00024a0e                _memccpy
000248cd                _memcpy
000220cf                _minit
0002184a                _open
00024752                _printf
000241cd                _putc
00024264                _putchar
000239b8                _puts
0002179c                _read
00024563                _readmsg
00022229                _realloc
00024a96                _remove
00021766                _remove_device
0002170d                _rename
            00002ad4    _reset_loc
00023dc6                _setvbuf
            00002acd    _time_set
000216da                _unlink
00021598                _write
00024113                _writemsg
ffffffff                binit
            00020120    cinit
ffffffff                edata
ffffffff                end
ffffffff                etext
ffffffff                pinit


GLOBAL SYMBOLS: SORTED BY Symbol Address 

abs. value/
byte addr   word addr   name
---------   ---------   ----
00000001                $TI_capability_requires_rev3
00000002                $TI_capability$C5500$CallingConvention
00000002                $TI_capability$C5500$MemoryModel
            00000060    __stack
00001000                __SYSSTACK_SIZE
00002000                __STACK_SIZE
00002000                __SYSMEM_SIZE
            00001060    __STACK_END
            00001060    __sysstack
            00001860    __sys_memory
            00002860    __ftable
            000028d8    __tmpnams
            00002978    __ft_end
            00002a4a    _Timer_count
            00002a4c    _Data_In_Buff
            00002a8c    _Data_Out_Buff
            00002acc    _mask
            00002acd    _time_set
            00002ace    _DBO_index
            00002ad0    _Data_Out_ptr
            00002ad2    _Out_going
            00002ad4    _reset_loc
            00002b47    _i2c_timeout
            00002b4e    __lock
            00002b50    __unlock
            00002b52    __cleanup_ptr
            00002b54    __dtors_ptr
            00002b56    __ctypes_
00021356                __printfi
00021598                _write
000216da                _unlink
0002170d                _rename
00021766                _remove_device
0002179c                _read
0002184a                _open
00021909                _lseek
0002196f                _find_registered_device
00021978                _close
000219eb                _add_device
00021adb                _getenv
00021b56                _HOSTwrite
00021be3                _HOSTunlink
00021c4d                _HOSTtime
00021cab                _HOSTrename
00021d59                _HOSTread
00021de6                _HOSTopen
00021e85                _HOSTlseek
00021f3a                _HOSTclose
00021fa5                _HOSTclock
00022003                _free
000220cf                _minit
00022134                _malloc
00022229                _realloc
000223da                _max_free
00022434                _free_memory
0002248a                _chkheap
00022492                _calloc
000224da                __divd
00022824                _Timer_Handler
0002285d                _Timer_setup
000228c7                _SPI_ISR
00022902                _SPI_Setup
00022940                _SPI_Send
00022958                _I2S_ISR
00022a9f                _I2S_Setup
00022ac8                _main
00022c82                __cleanup
00022cdc                _freopen
00022da5                _fopen
00022de0                __remull
00022e2e                __remlli
00022e5d                __mpylli
00022f15                __divull
00023009                __divlli
0002303e                __addd
00023297                _AIC3204_rset
000232b9                _AIC_init
00023471                _AIC_read2
000234a4                _AIC_write2
000234c9                _AIC_off
000234d0                __neqd
00023504                __lssd
0002354c                __leqd
00023599                __gtrd
000235e4                __geqd
0002362e                __eqld
00023662                __cmpd
000236ba                _USBSTK5515_LED_init
000236c5                _USBSTK5515_LED_on
000236d6                _USBSTK5515_LED_off
000236e7                _USBSTK5515_ULED_init
00023716                _USBSTK5515_ULED_getall
00023768                _USBSTK5515_ULED_setall
000237d6                _USBSTK5515_ULED_on
0002380b                _USBSTK5515_ULED_off
0002383e                _USBSTK5515_ULED_toggle
00023883                _fputs
000239b8                _puts
000239e6                _USBSTK5515_GPIO_init
000239ea                _USBSTK5515_GPIO_setDirection
00023a67                _USBSTK5515_GPIO_setOutput
00023ae4                _USBSTK5515_GPIO_getInput
00023b3c                __mpyd
00023c88                _USBSTK5515_I2C_init
00023ca7                _USBSTK5515_I2C_close
00023cb0                _USBSTK5515_I2C_reset
00023cbe                _USBSTK5515_I2C_write
00023d4d                _USBSTK5515_I2C_read
00023dc6                _setvbuf
00023eac                __wrt_ok
00023f2c                __rd_ok
00023f89                __frcmpyd_div
00024051                __doflush
000240ba                _fflush
00024113                _writemsg
000241c8                C$$IO$$
000241cd                _fputc
000241cd                _putc
00024264                _putchar
00024273                __divul
00024314                _ltoa
00024391                _fclose
0002440c                __frcmpyd
00024482                __remul
000244f4                __fixdli
00024563                _readmsg
000245d0                _fseek
0002463b                __fltlid
000246a2                _atoi
000246fe                _USBSTK5515_wait
00024732                _USBSTK5515_waitusec
00024744                _USBSTK5515_init
00024752                _printf
000247a2                _auto_init
000247ef                __args_main
0002483a                __remli
00024885                __divli
000248cd                _memcpy
0002490c                _exit
0002494a                I$$DIV
0002494a                __divi
00024969                I$$MOD
00024969                __remi
00024986                _c_int00
000249ba                __fixdi
000249e4                I$$UDIV
000249e4                __divu
000249f9                I$$UMOD
000249f9                __remu
00024a0e                _memccpy
00024a31                ___isinf
00024a4d                __subd
00024a61                I$$LMPY
00024a61                __mpyli
00024a74                __register_unlock
00024a7c                __register_lock
00024a84                __nop
00024a86                __negd
00024a96                _remove
00024aa0                _abort
00024aa1                C$$EXIT
            00020000    __CIOBUF_
            00020120    ___cinit__
            00020120    cinit
0004fe00                _Reset
ffffffff                .bss
ffffffff                .data
ffffffff                .text
ffffffff                ___binit__
ffffffff                ___bss__
ffffffff                ___c_args__
ffffffff                ___data__
ffffffff                ___edata__
ffffffff                ___end__
ffffffff                ___etext__
ffffffff                ___pinit__
ffffffff                ___text__
ffffffff                binit
ffffffff                edata
ffffffff                end
ffffffff                etext
ffffffff                pinit

[182 symbols]
