******************************************************************************
              TMS320C55x Linker PC v4.3.8                      
******************************************************************************
>> Linked Wed Jul 27 14:56:58 2011

OUTPUT FILE NAME:   <SPI Test.out>
ENTRY POINT SYMBOL: "_c_int00"  address: 000243d9


MEMORY CONFIGURATION

         name            origin    length      used     unused   attr    fill
                        (bytes)   (bytes)    (bytes)   (bytes)
----------------------  --------  ---------  --------  --------  ----  --------
PAGE 0:
  MMR                   00000000   000000c0  00000000  000000c0  RWIX
  DARAM0                000000c0   0000ff40  000057ae  0000a792  RWIX
  SARAM0                00010000   00010000  00000000  00010000  RWIX
  SARAM1                00020000   00020000  000044fd  0001bb03  RWIX
  SARAM2                00040000   0000fe00  0000033c  0000fac4  RWIX
  VECS                  0004fe00   00000200  00000100  00000100  RWIX
  PDROM                 00ff8000   00008000  00000000  00008000  R IX

PAGE 2:
  IOPORT                00000000   00020000  00000000  00020000  RWI 


SECTION ALLOCATION MAP
(Addresses surrounded by []'s are displayed for convenience only!)

output                                                          attributes/
section   page  orgn(bytes) orgn(words) len(bytes) len(words)   input sections
--------  ----  ----------- ----------- ---------- ----------   --------------
.pinit       0   [ 00040000 ]  00020000          *   00000000   UNINITIALIZED

.stack       0   [ 000000c0 ]  00000060          *   00001000   UNINITIALIZED
                 [ 000000c0 ]  00000060          *   00001000   --HOLE--

.data        0   [ 000000c0 ]  00000060          *   00000000   UNINITIALIZED

.sysstack 
*            0   [ 000020c0 ]  00001060          *   00000800   UNINITIALIZED
                 [ 000020c0 ]  00001060          *   00000800   --HOLE--

.sysmem      0   [ 000030c0 ]  00001860          *   00001000   UNINITIALIZED
                 [ 000030c0 ]  00001860          *   00001000   --HOLE--

.bss.1       0   [ 000050c0 ]  00002860          *   0000025b   UNINITIALIZED
                 [ 000050c0 ]  00002860          *   00000119   rts55x.lib : defs.obj (.bss)
                 [ 000052f2 ]  00002979          *   000000d0              : trgdrv.obj (.bss)
                 [ 00005492 ]  00002a49          *   00000001              : fopen.obj (.bss)
                 [ 00005494 ]  00002a4a          *   00000071              : lowlev.obj (.bss)

.bss.2       0   [ 00005578 ]  00002abc          *   00000014   UNINITIALIZED
                 [ 00005578 ]  00002abc          *   00000006   main.obj (.bss)
                 [ 00005584 ]  00002ac2          *   00000006   rts55x.lib : memory.obj (.bss)
                 [ 00005590 ]  00002ac8          *   00000004              : _lock.obj (.bss)
                 [ 00005598 ]  00002acc          *   00000004              : exit.obj (.bss)

.const.1     0   [ 000055a0 ]  00002ad0          *   00000101   
                 [ 000055a0 ]  00002ad0          *   00000101   rts55x.lib : ctype.obj (.const:__ctypes_)

.const.2     0   [ 000057a4 ]  00002bd2          *   00000029   
                 [ 000057a4 ]  00002bd2          *   00000029   main.obj (.const:.string)

.const.3     0   [ 000057f8 ]  00002bfc          *   0000003e   
                 [ 000057f8 ]  00002bfc          *   00000024   rts55x.lib : _printfi.obj (.const:.string)
                 [ 00005840 ]  00002c20          *   0000000c              : _printfi.obj (.const)
                 [ 00005858 ]  00002c2c          *   00000008              : divd.obj (.const:_initial_approx$1)
                 [ 00005868 ]  00002c34          *   00000002              : fputs.obj (.const:.string)
                 [ 0000586c ]  00002c36          *   00000002              : divd.obj (.const)
                 [ 00005870 ]  00002c38          *   00000002              : fltlid.obj (.const)

.text        0     00020000  [ 00010000 ] 000044fd          *   
                   00020000  [ 00010000 ] 00001598          *   rts55x.lib : _printfi.obj (.text)
                   00021598  [ 00010acc ] 00000543          *              : lowlev.obj (.text)
                   00021adb  [ 00010d6d+] 00000528          *              : trgdrv.obj (.text)
                   00022003  [ 00011001+] 000004b5          *              : memory.obj (.text)
                   000224b8  [ 0001125c ] 0000036c          *              : divd.obj (.text)
                   00022824  [ 00011412 ] 0000027f          *              : fopen.obj (.text)
                   00022aa3  [ 00011551+] 0000025e          *              : llmpy.obj (.text)
                   00022d01  [ 00011680+] 00000259          *              : addd.obj (.text)
                   00022f5a  [ 000117ad ] 000001ea          *              : cmpd.obj (.text)
                   00023144  [ 000118a2 ] 000001c9          *   usbstk5515bsl.lib : usbstk5515_led.obj (.text)
                   0002330d  [ 00011986+] 00000163          *   rts55x.lib : fputs.obj (.text)
                   00023470  [ 00011a38 ] 00000156          *   usbstk5515bsl.lib : usbstk5515_gpio.obj (.text)
                   000235c6  [ 00011ae3 ] 0000014c          *   rts55x.lib : mpyd.obj (.text)
                   00023712  [ 00011b89 ] 00000143          *   main.obj (.text)
                   00023855  [ 00011c2a+] 000000e6          *   rts55x.lib : setvbuf.obj (.text)
                   0002393b  [ 00011c9d+] 000000dd          *              : _io_perm.obj (.text)
                   00023a18  [ 00011d0c ] 000000c8          *              : frcmpyd_div.obj (.text)
                   00023ae0  [ 00011d70 ] 000000c2          *              : fflush.obj (.text)
                   00023ba2  [ 00011dd1 ] 000000ba          *              : trgmsg.obj (.text:CIO_breakpoint)
                   00023c5c  [ 00011e2e ] 000000a6          *              : fputc.obj (.text)
                   00023d02  [ 00011e81 ] 000000a1          *              : divul.obj (.text)
                   00023da3  [ 00011ed1+] 0000007d          *              : ltoa.obj (.text)
                   00023e20  [ 00011f10 ] 0000007b          *              : fclose.obj (.text)
                   00023e9b  [ 00011f4d+] 00000076          *              : frcmpyd.obj (.text)
                   00023f11  [ 00011f88+] 00000072          *              : remul.obj (.text)
                   00023f83  [ 00011fc1+] 0000006f          *              : fixdli.obj (.text)
                   00023ff2  [ 00011ff9 ] 0000006d          *              : trgmsg.obj (.text)
                   0002405f  [ 0001202f+] 0000006b          *              : fseek.obj (.text)
                   000240ca  [ 00012065 ] 00000067          *              : fltlid.obj (.text)
                   00024131  [ 00012098+] 0000005c          *              : atoi.obj (.text)
                   0002418d  [ 000120c6+] 00000054          *   usbstk5515bsl.lib : usbstk5515.obj (.text)
                   000241e1  [ 000120f0+] 00000050          *   rts55x.lib : printf.obj (.text)
                   00024231  [ 00012118+] 0000004d          *              : autoinit.obj (.text)
                   0002427e  [ 0001213f ] 0000004b          *              : args_main.obj (.text)
                   000242c9  [ 00012164+] 0000004b          *              : remli.obj (.text)
                   00024314  [ 0001218a ] 00000048          *              : divli.obj (.text)
                   0002435c  [ 000121ae ] 0000003f          *              : memcpy.obj (.text)
                   0002439b  [ 000121cd+] 0000003e          *              : exit.obj (.text)
                   000243d9  [ 000121ec+] 00000034          *              : boot.obj (.text)
                   0002440d  [ 00012206+] 0000002a          *              : fixdi.obj (.text)
                   00024437  [ 0001221b+] 0000002a          *              : udiv.obj (.text)
                   00024461  [ 00012230+] 00000023          *              : memccpy.obj (.text)
                   00024484  [ 00012242 ] 0000001c          *              : isinf.obj (.text)
                   000244a0  [ 00012250 ] 00000014          *              : subd.obj (.text)
                   000244b4  [ 0001225a ] 00000013          *              : lmpy.obj (.text)
                   000244c7  [ 00012263+] 00000012          *              : _lock.obj (.text)
                   000244d9  [ 0001226c+] 00000010          *              : negd.obj (.text)
                   000244e9  [ 00012274+] 0000000a          *              : remove.obj (.text)
                   000244f3  [ 00012279+] 00000007          *              : exit.obj (.text:CIO_breakpoint)
                   000244fa  [ 0001227d ] 00000002          *              : vectors.obj (.text)
                   000244fc  [ 0001227e ] 00000001          *   --HOLE-- [fill = 20]

.cio         0   [ 00040000 ]  00020000          *   00000120   UNINITIALIZED
                 [ 00040000 ]  00020000          *   00000120   rts55x.lib : trgmsg.obj (.cio)

.cinit       0   [ 00040240 ]  00020120          *   0000007e   
                 [ 00040240 ]  00020120          *   0000002d   rts55x.lib : lowlev.obj (.cinit)
                 [ 0004029a ]  0002014d          *   0000002a              : defs.obj (.cinit)
                 [ 000402ee ]  00020177          *   0000000a   main.obj (.cinit)
                 [ 00040302 ]  00020181          *   0000000a   rts55x.lib : _lock.obj (.cinit)
                 [ 00040316 ]  0002018b          *   0000000a              : exit.obj (.cinit)
                 [ 0004032a ]  00020195          *   00000004              : fopen.obj (.cinit)
                 [ 00040332 ]  00020199          *   00000004              : memory.obj (.cinit)
                 [ 0004033a ]  0002019d          *   00000001   --HOLE-- [fill = 0]

vectors      0     0004fe00  [ 00027f00 ] 00000100          *   
                   0004fe00  [ 00027f00 ] 00000100          *   rts55x.lib : vectors.obj (vectors)


GLOBAL SYMBOLS: SORTED ALPHABETICALLY BY Name 

abs. value/
byte addr   word addr   name
---------   ---------   ----
00000002                $TI_capability$C5500$CallingConvention
00000002                $TI_capability$C5500$MemoryModel
00000001                $TI_capability_requires_rev3
ffffffff                .bss
ffffffff                .data
ffffffff                .text
000244f4                C$$EXIT
00023c57                C$$IO$$
000244b4                I$$LMPY
00024437                I$$UDIV
0002444c                I$$UMOD
00021fa5                _HOSTclock
00021f3a                _HOSTclose
00021e85                _HOSTlseek
00021de6                _HOSTopen
00021d59                _HOSTread
00021cab                _HOSTrename
00021c4d                _HOSTtime
00021be3                _HOSTunlink
00021b56                _HOSTwrite
0004fe00                _Reset
000237c1                _SPI_Send
000237b5                _SPI_Setup
00023712                _Timer_Handler
            00002abc    _Timer_count
0002374b                _Timer_setup
0002356e                _USBSTK5515_GPIO_getInput
00023470                _USBSTK5515_GPIO_init
00023474                _USBSTK5515_GPIO_setDirection
000234f1                _USBSTK5515_GPIO_setOutput
00023144                _USBSTK5515_LED_init
00023160                _USBSTK5515_LED_off
0002314f                _USBSTK5515_LED_on
000231a0                _USBSTK5515_ULED_getall
00023171                _USBSTK5515_ULED_init
00023295                _USBSTK5515_ULED_off
00023260                _USBSTK5515_ULED_on
000231f2                _USBSTK5515_ULED_setall
000232c8                _USBSTK5515_ULED_toggle
000241d3                _USBSTK5515_init
0002418d                _USBSTK5515_wait
000241c1                _USBSTK5515_waitusec
            00020000    __CIOBUF_
            00001060    __STACK_END
00002000                __STACK_SIZE
00002000                __SYSMEM_SIZE
00001000                __SYSSTACK_SIZE
ffffffff                ___binit__
ffffffff                ___bss__
ffffffff                ___c_args__
            00020120    ___cinit__
ffffffff                ___data__
ffffffff                ___edata__
ffffffff                ___end__
ffffffff                ___etext__
00024484                ___isinf
ffffffff                ___pinit__
ffffffff                ___text__
00022d01                __addd
0002427e                __args_main
00022945                __cleanup
            00002acc    __cleanup_ptr
000230ec                __cmpd
            00002ad0    __ctypes_
000224da                __divd
00024314                __divli
00022ccc                __divlli
00024437                __divu
00023d02                __divul
00022bd8                __divull
00023ae0                __doflush
            00002ace    __dtors_ptr
000230b8                __eqld
0002440d                __fixdi
00023f83                __fixdli
000240ca                __fltlid
00023e9b                __frcmpyd
00023a18                __frcmpyd_div
            00002978    __ft_end
            00002860    __ftable
0002306e                __geqd
00023023                __gtrd
00022fd6                __leqd
            00002ac8    __lock
00022f8e                __lssd
000235c6                __mpyd
000244b4                __mpyli
00022b20                __mpylli
000244d9                __negd
00022f5a                __neqd
000244d7                __nop
00021356                __printfi
000239bb                __rd_ok
000244cf                __register_lock
000244c7                __register_unlock
000242c9                __remli
00022af1                __remlli
0002444c                __remu
00023f11                __remul
00022aa3                __remull
            00000060    __stack
000244a0                __subd
            00001860    __sys_memory
            00001060    __sysstack
            000028d8    __tmpnams
            00002aca    __unlock
0002393b                __wrt_ok
000244f3                _abort
000219eb                _add_device
00024131                _atoi
00024231                _auto_init
000243d9                _c_int00
00022492                _calloc
0002248a                _chkheap
00021978                _close
0002439b                _exit
00023e20                _fclose
00023b49                _fflush
0002196f                _find_registered_device
00022a68                _fopen
00023c5c                _fputc
0002330d                _fputs
00022003                _free
00022434                _free_memory
0002299f                _freopen
0002405f                _fseek
00021adb                _getenv
00021909                _lseek
00023da3                _ltoa
000237da                _main
00022134                _malloc
000223da                _max_free
00024461                _memccpy
0002435c                _memcpy
000220cf                _minit
0002184a                _open
000241e1                _printf
00023c5c                _putc
00023cf3                _putchar
00023442                _puts
0002179c                _read
00023ff2                _readmsg
00022229                _realloc
000244e9                _remove
00021766                _remove_device
0002170d                _rename
            00002ac0    _reset_loc
00023855                _setvbuf
            00002abe    _time_set
000216da                _unlink
00021598                _write
00023ba2                _writemsg
ffffffff                binit
            00020120    cinit
ffffffff                edata
ffffffff                end
ffffffff                etext
ffffffff                pinit


GLOBAL SYMBOLS: SORTED BY Symbol Address 

abs. value/
byte addr   word addr   name
---------   ---------   ----
00000001                $TI_capability_requires_rev3
00000002                $TI_capability$C5500$CallingConvention
00000002                $TI_capability$C5500$MemoryModel
            00000060    __stack
00001000                __SYSSTACK_SIZE
00002000                __STACK_SIZE
00002000                __SYSMEM_SIZE
            00001060    __STACK_END
            00001060    __sysstack
            00001860    __sys_memory
            00002860    __ftable
            000028d8    __tmpnams
            00002978    __ft_end
            00002abc    _Timer_count
            00002abe    _time_set
            00002ac0    _reset_loc
            00002ac8    __lock
            00002aca    __unlock
            00002acc    __cleanup_ptr
            00002ace    __dtors_ptr
            00002ad0    __ctypes_
00021356                __printfi
00021598                _write
000216da                _unlink
0002170d                _rename
00021766                _remove_device
0002179c                _read
0002184a                _open
00021909                _lseek
0002196f                _find_registered_device
00021978                _close
000219eb                _add_device
00021adb                _getenv
00021b56                _HOSTwrite
00021be3                _HOSTunlink
00021c4d                _HOSTtime
00021cab                _HOSTrename
00021d59                _HOSTread
00021de6                _HOSTopen
00021e85                _HOSTlseek
00021f3a                _HOSTclose
00021fa5                _HOSTclock
00022003                _free
000220cf                _minit
00022134                _malloc
00022229                _realloc
000223da                _max_free
00022434                _free_memory
0002248a                _chkheap
00022492                _calloc
000224da                __divd
00022945                __cleanup
0002299f                _freopen
00022a68                _fopen
00022aa3                __remull
00022af1                __remlli
00022b20                __mpylli
00022bd8                __divull
00022ccc                __divlli
00022d01                __addd
00022f5a                __neqd
00022f8e                __lssd
00022fd6                __leqd
00023023                __gtrd
0002306e                __geqd
000230b8                __eqld
000230ec                __cmpd
00023144                _USBSTK5515_LED_init
0002314f                _USBSTK5515_LED_on
00023160                _USBSTK5515_LED_off
00023171                _USBSTK5515_ULED_init
000231a0                _USBSTK5515_ULED_getall
000231f2                _USBSTK5515_ULED_setall
00023260                _USBSTK5515_ULED_on
00023295                _USBSTK5515_ULED_off
000232c8                _USBSTK5515_ULED_toggle
0002330d                _fputs
00023442                _puts
00023470                _USBSTK5515_GPIO_init
00023474                _USBSTK5515_GPIO_setDirection
000234f1                _USBSTK5515_GPIO_setOutput
0002356e                _USBSTK5515_GPIO_getInput
000235c6                __mpyd
00023712                _Timer_Handler
0002374b                _Timer_setup
000237b5                _SPI_Setup
000237c1                _SPI_Send
000237da                _main
00023855                _setvbuf
0002393b                __wrt_ok
000239bb                __rd_ok
00023a18                __frcmpyd_div
00023ae0                __doflush
00023b49                _fflush
00023ba2                _writemsg
00023c57                C$$IO$$
00023c5c                _fputc
00023c5c                _putc
00023cf3                _putchar
00023d02                __divul
00023da3                _ltoa
00023e20                _fclose
00023e9b                __frcmpyd
00023f11                __remul
00023f83                __fixdli
00023ff2                _readmsg
0002405f                _fseek
000240ca                __fltlid
00024131                _atoi
0002418d                _USBSTK5515_wait
000241c1                _USBSTK5515_waitusec
000241d3                _USBSTK5515_init
000241e1                _printf
00024231                _auto_init
0002427e                __args_main
000242c9                __remli
00024314                __divli
0002435c                _memcpy
0002439b                _exit
000243d9                _c_int00
0002440d                __fixdi
00024437                I$$UDIV
00024437                __divu
0002444c                I$$UMOD
0002444c                __remu
00024461                _memccpy
00024484                ___isinf
000244a0                __subd
000244b4                I$$LMPY
000244b4                __mpyli
000244c7                __register_unlock
000244cf                __register_lock
000244d7                __nop
000244d9                __negd
000244e9                _remove
000244f3                _abort
000244f4                C$$EXIT
            00020000    __CIOBUF_
            00020120    ___cinit__
            00020120    cinit
0004fe00                _Reset
ffffffff                .bss
ffffffff                .data
ffffffff                .text
ffffffff                ___binit__
ffffffff                ___bss__
ffffffff                ___c_args__
ffffffff                ___data__
ffffffff                ___edata__
ffffffff                ___end__
ffffffff                ___etext__
ffffffff                ___pinit__
ffffffff                ___text__
ffffffff                binit
ffffffff                edata
ffffffff                end
ffffffff                etext
ffffffff                pinit

[158 symbols]
